// Bun Snapshot v1, https://bun.sh/docs/test/snapshots

exports[`ChatInterface renders correctly with messages 1`] = `
"
 \x1B[1m\x1B[32m💬 Chat Interface\x1B[39m\x1B[22m

 \x1B[33m🤖 claude-code\x1B[90m\x1B[2m 10:00\x1B[22m\x1B[39m
  Hello, how can I help you?

 \x1B[36m👤 You\x1B[90m\x1B[2m 10:01\x1B[22m\x1B[39m
  I need help with my code


 \x1B[34m┌────────────────────────────────────────────────────────────────────────────────────────────────┐\x1B[39m
 \x1B[34m│💭 \x1B[90m\x1B[2m_\x1B[22m\x1B[39m                                                                                            \x1B[34m│\x1B[39m
 \x1B[34m└────────────────────────────────────────────────────────────────────────────────────────────────┘\x1B[39m
 \x1B[90m\x1B[2mType your message and press Enter...\x1B[22m\x1B[39m
"
`;
