// Bun Snapshot v1, https://bun.sh/docs/test/snapshots

exports[`ChatInterface renders correctly with messages 1`] = `
"
 💬 Chat Interface

 🤖 claude-code 10:00
  Hello, how can I help you?

 👤 You 10:01
  I need help with my code


 ┌────────────────────────────────────────────────────────────────────────────────────────────────┐
 │💭 _                                                                                            │
 └────────────────────────────────────────────────────────────────────────────────────────────────┘
 Type your message and press Enter...
"
`;
