// Bun Snapshot v1, https://bun.sh/docs/test/snapshots

exports[`ComposerApp renders correctly 1`] = `
"🎼 Open Composer CLI v0.0.0                                                     
📂 Workspaces                                                                   
● main                                                                          
🌿 Branches                                                                     
+ Newnworktree                                                                  
🤖 Agents                                                                       
○ codex-nation                                                                  
○ cursor-agent                                                                  
                                                                                
💬 Chat Interface                                                               
 10:00poser                                                                     
 Welcome to Open Composer CLI! What would you like to build?                    
💭                                                                              
_                                                                               
                                                                                
Type your message and press Enter...                                            
📝 Code Editor                                                                  
No file selected                                                                
🔧 File Tree                                                                    
  📄rindex.ts                                                                   
  📁 components/                                                                
    📄 ComposerApp.tsx                                                          
Ctrl+C toaexiterface.tsx                                                        
                                                                                
"
`;
