// Bun Snapshot v1, https://bun.sh/docs/test/snapshots

exports[`GitWorktreeCreatePrompt renders correctly 1`] = `
"                                                                                
                                                                                
  🚀 Create Git Worktree                                                        
                                                                                
  Create a new git worktree with interactive configuration.                     
                                                                                
                                                                                
  Configuration:                                                                
                                                                                
  Enter worktree path *                                                         
  Optional commit/branch ref                                                    
  Optional branch name                                                          
                                                                                
                                                                                
  Options:                                                                      
                                                                                
  [○] Force (F)                                                                 
  [○] NotCheckout (N)                                                           
  [○] Branch Force (B)                                                          
                                                                                
  Tab/Shift+Tab: Navigate • Enter: Next/Submit • ↑/↓: Toggle options • Esc:     
  Cancel                                                                        
  ⚠️  Path is required                                                           
                                                                                
"
`;
