// Bun Snapshot v1, https://bun.sh/docs/test/snapshots

exports[`Layout renders correctly 1`] = `
"┌──────────────────────────────────────────────────────────────────────────────────────────────────┐
│                                   🎼 Open Composer CLI v0.6.1                                    │
└──────────────────────────────────────────────────────────────────────────────────────────────────┘
Test content
┌──────────────────────────────────────────────────────────────────────────────────────────────────┐
│Ready                                                                               Ctrl+C to exit│
└──────────────────────────────────────────────────────────────────────────────────────────────────┘"
`;
