// Bun Snapshot v1, https://bun.sh/docs/test/snapshots

exports[`Layout renders correctly 1`] = `
"\x1B[34m┌──────────────────────────────────────────────────────────────────────────────────────────────────┐\x1B[39m
\x1B[34m│\x1B[39m                                   \x1B[1m\x1B[34m🎼 Open Composer CLI v0.0.0\x1B[39m\x1B[22m                                    \x1B[34m│\x1B[39m
\x1B[34m└──────────────────────────────────────────────────────────────────────────────────────────────────┘\x1B[39m
Test content
\x1B[90m┌──────────────────────────────────────────────────────────────────────────────────────────────────┐\x1B[39m
\x1B[90m│Ready\x1B[39m                                                                               \x1B[90mCtrl+C to exit│\x1B[39m
\x1B[90m└──────────────────────────────────────────────────────────────────────────────────────────────────┘\x1B[39m"
`;
