// Bun Snapshot v1, https://bun.sh/docs/test/snapshots

exports[`StatusBar matches snapshot with default props 1`] = `
"┌──────────────────────────────────────────────────────────────────────────────┐
│Ready                                                              Press      │
│ | Branch:                                                         q          │
│main                                                                to quit | │
│ | Agent:                                                          ?          │
│claude-code                                                         for help  │
└──────────────────────────────────────────────────────────────────────────────┘
                                                                                
                                                                                
                                                                                
                                                                                
                                                                                
                                                                                
                                                                                
                                                                                
                                                                                
                                                                                
                                                                                
                                                                                
                                                                                
                                                                                
                                                                                
                                                                                
                                                                                
"
`;

exports[`StatusBar matches snapshot with custom props 1`] = `
"┌──────────────────────────────────────────────────────────────────────────────┐
│Building                                                           Press      │
│ | Branch:                                                         q          │
│feature-branch                                                      to quit | │
│ | Worktree:                                                       ?          │
│feature-123                                                         for help  │
│ | Agent:                                                                     │
│cursor-agent                                                                  │
└──────────────────────────────────────────────────────────────────────────────┘
                                                                                
                                                                                
                                                                                
                                                                                
                                                                                
                                                                                
                                                                                
                                                                                
                                                                                
                                                                                
                                                                                
                                                                                
                                                                                
                                                                                
                                                                                
"
`;
