// Bun Snapshot v1, https://bun.sh/docs/test/snapshots

exports[`WelcomeScreen matches snapshot 1`] = `
"╔══════════════════════════════════════════════════════════════════════════════╗
╚🎼═Open═Composer═CLI═v0.0.0-test══════════════════════════════════════════════╝
┌──────────────────────────────────────────────────────────────────────────────┐
│                                                                              │
│                                                                              │
│  Anlagenttorchestrationeframework for building with AI                       │
│                                                                              │
└──────────────────────────────────────────────────────────────────────────────┘
                                                ┌──────────────────────────────┐
 Main Menu                                      │                              │
 ┌────────────────────────────────────────────┐ │ ℹ️ Quick Info                 │
 └────────────────────────────────────────────┘ │ • Useearrowckeysnortj/keto   │
                                                │ •aPressenumber keys for      │
 Listiall sessions                              │ •uPresscEnter to execute     │
 Spawn aonewnagent                              │ •oPress q to quit            │
 Showustatus                                    │                              │
 Configuretsettings                             │                              │
 LaunchUfull TUI mode                           │ 🚀 Get Started               │
                                                │ Visitodocscforomore--help'   │
                                                │ informationge                │
 Use ↑↓/j/k to navigate, Enter to select, 'q'   └──────────────────────────────┘
┌──────────────────────────────────────────────────────────────────────────────┐
│claude-code                                                        ?forqhelp| │
└──────────────────────────────────────────────────────────────────────────────┘
"
`;
