// Bun Snapshot v1, https://bun.sh/docs/test/snapshots

exports[`WelcomeScreen matches snapshot 1`] = `
"             ___  ____  _____ _   _
            / _ \\|  _ \\| ____| \\ | |
            | | | | |_) |  _| |  \\| |
            | |_| |  __/| |___| |\\  |
             \\___/|_|   |_____|_| \\_|

  ____ ___  __  __ ____   ___  ____  _____ ____
/ ___/ _ \\|  \\/  |  _ \\ / _ \\/ ___|| ____|  _ \\
 |  | | | | |\\/| | |_) | | | \\___ \\|  _| | |_) |
| |__| |_| | |  | |  __/| |_| |___) | |___|  _ <
 \\____\\___/|_|  |_|_|    \\___/|____/|_____|_| \\_\\

                   v0.0.0-test





                    /sessions         list sessions              ctrl+x l
                    /run              run a command              ctrl+x r
                    /spawn            spawn a new agent          ctrl+x s
                    /status           show status                ctrl+x t
                    /stack            manage git stack           ctrl+x k
                    /settings         configure settings         ctrl+x c
┌──────────────────────────────────────────────────────────────────────────────────────────────────┐
│                                                                                                  │
│  >  Type a command and press enter...                                    Press ESC or q to quit  │
│                                                                                                  │
└──────────────────────────────────────────────────────────────────────────────────────────────────┘"
`;
