// Bun Snapshot v1, https://bun.sh/docs/test/snapshots

exports[`WelcomeScreen matches snapshot 1`] = `
"╔══════════════════════════════════════════════════════════════════════════════════════════════════╗
║                                                                                                  ║
║                                   🎼 Open Composer CLI v0.8.10                                   ║
║                                                                                                  ║
╚══════════════════════════════════════════════════════════════════════════════════════════════════╝
┌──────────────────────────────────────────────────────────────────────────────────────────────────┐
│                                                                                                  │
│                                                                                                  │
│  Welcome to Open Composer! 👋                                                                    │
│  An agent orchestration framework for building with AI                                           │
│                                                                                                  │
│                                                                                                  │
└──────────────────────────────────────────────────────────────────────────────────────────────────┘
                                                            ┌──────────────────────────────────────┐
 Main Menu                                                  │                                      │
                                                            │ ℹ️ Quick Info                       │
 ┌──────────────────────────────────────────────────┐       │                                      │
 └──────────────────────────────────────────────────┘       │ • Select a command to get started    │
                                                            │ • Use arrow keys or j/k to navigate  │
 ▶ [1] Sessions        List all sessions                   │ • Press number keys for quick access │
   [2] Run             Run a command                        │ • Press Enter to execute command     │
   [3] Spawn           Spawn a new agent                    │ • Press q to quit                    │
   [4] Status          Show status                          │                                      │
   [5] Stack           Manage git stack                     │                                      │
   [6] Settings        Configure settings                   │ 🚀 Get Started                       │
   [7] Full TUI        Launch full TUI mode                 │                                      │
                                                            │ Run 'open-composer --help' for CLI   │
                                                            │ usage                                │
 Use ↑↓/j/k to navigate, Enter to select, 'q' to quit       │ Visit docs for more information      │
                                                            │                                      │
                                                            └──────────────────────────────────────┘
┌──────────────────────────────────────────────────────────────────────────────────────────────────┐
│ Ready | Branch: main | Agent: claude-code                           Press q to quit | ? for help │
└──────────────────────────────────────────────────────────────────────────────────────────────────┘"
`;
